<<<<<<< HEAD
  314  git push origin master
  315  git status
  316  git push
  317  git push master
  318  git push commit
  319  git push --set--upstream
  320  git push --set-upstream commit master
  321  git status
  322  git push master 
  323  git push
  324  git remote add index.html https://github.com/Mr-gateau/-sharezza
  325  git push index.html
  326  git push index.htm
  327  git pushh --set-upstream index.htm mater
  328  git --help
  329  git clone https://github.com/Mr-gateau/-sharezza.git
  330  cd sherazaa-
  331  tree
  332  cd -sharezza
  333  cd sherezza
  334  cd -sharezza
  335  cd "-sharezza
"
  336  cd 
  337  cd Web
  338  cd "-sharezza"
  339  git clone https://github.com/Mr-gateau/sharezza.git
  340  cd sharezza
  341  git status
  342  git init
  343  ls -a
  344  git conf
  345  git config
  346  git commit
  347  git status
  348  git add index.htm
  349  git add index.html
  350  git status
  351  git commit -m "index modifie"
  352  git push 
  353  git push -u origin master
  354  history > history.txt
  355  git add history.txt
  356  git status
  357  git push 
  358  git status
  359  git commit -m "ajout de l'historique"
  360  git push
  361  history | -n20 > history.txt
  362  history | tail -n20 > history.txt
  363  add history.txt
  364  git add history.txt
  365  git commit -m "reduction de l'historique" 
  366  git push
  367  history | tail -n55 > history.txt
=======
wilder@wilder-ThinkPad-T430:~/Web/sharezza-oops$ git add index.html
wilder@wilder-ThinkPad-T430:~/Web/sharezza-oops$ git commit -m "ok test nul"
[master (root-commit) 213aabd] ok test nul
 1 file changed, 11 insertions(+)
 create mode 100644 index.html
wilder@wilder-ThinkPad-T430:~/Web/sharezza-oops$ git log --oneline
213aabd (HEAD -> master) ok test nul
wilder@wilder-ThinkPad-T430:~/Web/sharezza-oops$ git add index.html
wilder@wilder-ThinkPad-T430:~/Web/sharezza-oops$ git commit -m "etape une"
[master ab5455c] etape une
 1 file changed, 2 insertions(+), 1 deletion(-)
wilder@wilder-ThinkPad-T430:~/Web/sharezza-oops$ git log --oneline
ab5455c (HEAD -> master) etape une
213aabd ok test nul
wilder@wilder-ThinkPad-T430:~/Web/sharezza-oops$ git add index.html
wilder@wilder-ThinkPad-T430:~/Web/sharezza-oops$ git commit -m "tape deux"
[master 7433e1b] tape deux
 1 file changed, 1 insertion(+)
wilder@wilder-ThinkPad-T430:~/Web/sharezza-oops$ git add index.html
wilder@wilder-ThinkPad-T430:~/Web/sharezza-oops$ git commit -m "la fameuse etape trois"
[master e047215] la fameuse etape trois
 1 file changed, 2 deletions(-)
wilder@wilder-ThinkPad-T430:~/Web/sharezza-oops$ git log --oneline
e047215 (HEAD -> master) la fameuse etape trois
7433e1b tape deux
ab5455c etape une
213aabd ok test nul
wilder@wilder-ThinkPad-T430:~/Web/sharezza-oops$ git checkout ab5455c
Note: checking out 'ab5455c'.

You are in 'detached HEAD' state. You can look around, make experimental
changes and commit them, and you can discard any commits you make in this
state without impacting any branches by performing another checkout.

If you want to create a new branch to retain commits you create, you ay
do so (now or later) by using -b with the checkout command again. Example:

  git checkout -b <new-branch-name>

HEAD is now at ab5455c etape une
wilder@wilder-ThinkPad-T430:~/Web/sharezza-oops$ git log --oneline
ab5455c (HEAD) etape une
213aabd ok test nul
wilder@wilder-ThinkPad-T430:~/Web/sharezza-oops$ git checkout master
Previous HEAD position was ab5455c etape une
Switched to branch 'master'
wilder@wilder-ThinkPad-T430:~/Web/sharezza-oops$ git log --oneline
e047215 (HEAD -> master) la fameuse etape trois
7433e1b tape deux
ab5455c etape une
213aabd ok test nul
wilder@wilder-ThinkPad-T430:~/Web/sharezza-oops$

>>>>>>> parent of 9e46316... clean
